// Jest Snapshot v1, https://goo.gl/fbAQLP

exports[`CustomerDetail renders correctly with default props 1`] = `
<View
  style={
    [
      {
        "backgroundColor": "#FFFFFF",
      },
      {
        "height": "100%",
        "padding": 20,
        "width": "100%",
      },
    ]
  }
>
  <View
    style={
      [
        {
          "backgroundColor": "#FFFFFF",
        },
        undefined,
      ]
    }
    testID="user-details"
  >
    <Text
      style={
        [
          {
            "fontSize": 16,
            "lineHeight": 24,
          },
          undefined,
          undefined,
          undefined,
          undefined,
          undefined,
        ]
      }
    >
      ID: 
      123
    </Text>
    <Text
      style={
        [
          {
            "fontSize": 16,
            "lineHeight": 24,
          },
          undefined,
          undefined,
          undefined,
          undefined,
          undefined,
        ]
      }
    >
      Name: 
      John Doe
    </Text>
    <Text
      style={
        [
          {
            "fontSize": 16,
            "lineHeight": 24,
          },
          undefined,
          undefined,
          undefined,
          undefined,
          undefined,
        ]
      }
    >
      Email: 
      johndoe@example.com
    </Text>
    <Text
      style={
        [
          {
            "fontSize": 16,
            "lineHeight": 24,
          },
          undefined,
          undefined,
          undefined,
          undefined,
          undefined,
        ]
      }
    >
      Role: 
      Admin
    </Text>
  </View>
</View>
`;
