// Jest Snapshot v1, https://goo.gl/fbAQLP

exports[`MyActivityIndicator renders correctly with default props 1`] = `
<ActivityIndicator
  size="large"
  style={
    {
      "alignItems": "center",
      "backgroundColor": "#FFFFFF",
      "flex": 1,
      "justifyContent": "center",
    }
  }
/>
`;

exports[`renders correctly 1`] = `
<ActivityIndicator
  size="large"
  style={
    {
      "alignItems": "center",
      "backgroundColor": "#FFFFFF",
      "flex": 1,
      "justifyContent": "center",
    }
  }
/>
`;
