// Jest Snapshot v1, https://goo.gl/fbAQLP

exports[`Home Component renders the Home component correctly 1`] = `
<RNCSafeAreaView
  edges={
    {
      "bottom": "additive",
      "left": "additive",
      "right": "additive",
      "top": "additive",
    }
  }
  style={
    {
      "backgroundColor": "#FFFFFF",
      "flex": 1,
      "padding": 30,
    }
  }
>
  <View
    style={
      [
        {
          "backgroundColor": "#FFFFFF",
        },
        undefined,
      ]
    }
  >
    <Text
      style={
        [
          undefined,
          undefined,
          {
            "fontSize": 16,
            "fontWeight": "600",
            "lineHeight": 24,
          },
          undefined,
          undefined,
          {
            "marginBottom": 10,
          },
        ]
      }
    >
      User Types
    </Text>
    <View
      accessibilityState={
        {
          "busy": undefined,
          "checked": undefined,
          "disabled": undefined,
          "expanded": undefined,
          "selected": undefined,
        }
      }
      accessibilityValue={
        {
          "max": undefined,
          "min": undefined,
          "now": undefined,
          "text": undefined,
        }
      }
      accessible={true}
      collapsable={false}
      focusable={true}
      onClick={[Function]}
      onResponderGrant={[Function]}
      onResponderMove={[Function]}
      onResponderRelease={[Function]}
      onResponderTerminate={[Function]}
      onResponderTerminationRequest={[Function]}
      onStartShouldSetResponder={[Function]}
      style={
        {
          "alignItems": "center",
          "backgroundColor": "#E8F2FB",
          "borderRadius": 8,
          "flexDirection": "row",
          "marginTop": 10,
          "opacity": 1,
          "paddingHorizontal": 16,
          "paddingVertical": 8,
        }
      }
    >
      <View
        style={
          [
            {
              "backgroundColor": "#FFFFFF",
            },
            {
              "alignItems": "center",
              "borderColor": "#0171CE",
              "borderRadius": 12,
              "borderWidth": 2,
              "height": 24,
              "justifyContent": "center",
              "marginRight": 12,
              "width": 24,
            },
          ]
        }
        testID="radio-outer-circle"
      >
        <View
          style={
            [
              {
                "backgroundColor": "#FFFFFF",
              },
              {
                "backgroundColor": "#0171CE",
                "borderRadius": 6,
                "height": 12,
                "width": 12,
              },
            ]
          }
          testID="radio-inner-circle"
        />
      </View>
      <Text
        style={
          [
            {
              "fontSize": 16,
              "lineHeight": 24,
            },
            undefined,
            undefined,
            undefined,
            undefined,
            undefined,
          ]
        }
      >
        Admin
      </Text>
    </View>
    <View
      accessibilityState={
        {
          "busy": undefined,
          "checked": undefined,
          "disabled": undefined,
          "expanded": undefined,
          "selected": undefined,
        }
      }
      accessibilityValue={
        {
          "max": undefined,
          "min": undefined,
          "now": undefined,
          "text": undefined,
        }
      }
      accessible={true}
      collapsable={false}
      focusable={true}
      onClick={[Function]}
      onResponderGrant={[Function]}
      onResponderMove={[Function]}
      onResponderRelease={[Function]}
      onResponderTerminate={[Function]}
      onResponderTerminationRequest={[Function]}
      onStartShouldSetResponder={[Function]}
      style={
        {
          "alignItems": "center",
          "borderRadius": 8,
          "flexDirection": "row",
          "marginTop": 10,
          "opacity": 1,
          "paddingHorizontal": 16,
          "paddingVertical": 8,
        }
      }
    >
      <View
        style={
          [
            {
              "backgroundColor": "#FFFFFF",
            },
            {
              "alignItems": "center",
              "borderColor": "#0171CE",
              "borderRadius": 12,
              "borderWidth": 2,
              "height": 24,
              "justifyContent": "center",
              "marginRight": 12,
              "width": 24,
            },
          ]
        }
        testID="radio-outer-circle"
      />
      <Text
        style={
          [
            {
              "fontSize": 16,
              "lineHeight": 24,
            },
            undefined,
            undefined,
            undefined,
            undefined,
            undefined,
          ]
        }
      >
        Manager
      </Text>
    </View>
    <View
      style={
        [
          {
            "backgroundColor": "#FFFFFF",
          },
          {
            "backgroundColor": "#E2E8F0",
            "height": 1,
            "marginVertical": 24,
          },
        ]
      }
    />
    <Text
      style={
        [
          undefined,
          undefined,
          {
            "fontSize": 16,
            "fontWeight": "600",
            "lineHeight": 24,
          },
          undefined,
          undefined,
          {
            "marginBottom": 10,
          },
        ]
      }
    >
      ADMIN
       Users
    </Text>
    <RCTScrollView
      data={
        [
          {
            "email": "john@example.com",
            "id": "1",
            "name": "John Doe",
            "role": "ADMIN",
          },
        ]
      }
      getItem={[Function]}
      getItemCount={[Function]}
      keyExtractor={[Function]}
      onContentSizeChange={[Function]}
      onLayout={[Function]}
      onMomentumScrollBegin={[Function]}
      onMomentumScrollEnd={[Function]}
      onScroll={[Function]}
      onScrollBeginDrag={[Function]}
      onScrollEndDrag={[Function]}
      pagingEnabled={true}
      removeClippedSubviews={false}
      renderItem={[Function]}
      scrollEventThrottle={0.0001}
      stickyHeaderIndices={[]}
      testID="user-types"
      viewabilityConfigCallbackPairs={[]}
    >
      <View>
        <View
          onFocusCapture={[Function]}
          onLayout={[Function]}
          style={null}
        >
          <View
            accessibilityState={
              {
                "busy": undefined,
                "checked": undefined,
                "disabled": undefined,
                "expanded": undefined,
                "selected": undefined,
              }
            }
            accessibilityValue={
              {
                "max": undefined,
                "min": undefined,
                "now": undefined,
                "text": undefined,
              }
            }
            accessible={true}
            collapsable={false}
            focusable={true}
            onClick={[Function]}
            onResponderGrant={[Function]}
            onResponderMove={[Function]}
            onResponderRelease={[Function]}
            onResponderTerminate={[Function]}
            onResponderTerminationRequest={[Function]}
            onStartShouldSetResponder={[Function]}
            style={
              {
                "opacity": 1,
              }
            }
            testID="user-item"
          >
            <View
              style={
                [
                  {
                    "backgroundColor": "#FFFFFF",
                  },
                  {
                    "alignItems": "center",
                    "borderBottomColor": "#EEEEEE",
                    "borderBottomWidth": 1,
                    "flexDirection": "row",
                    "paddingVertical": 12,
                  },
                ]
              }
            >
              <View
                style={
                  [
                    {
                      "backgroundColor": "#FFFFFF",
                    },
                    {
                      "alignItems": "center",
                      "backgroundColor": "#E8F2FB",
                      "borderRadius": 4,
                      "height": 40,
                      "justifyContent": "center",
                      "marginRight": 12,
                      "width": 40,
                    },
                  ]
                }
              >
                <Text
                  style={
                    [
                      {
                        "fontSize": 16,
                        "lineHeight": 24,
                      },
                      undefined,
                      undefined,
                      undefined,
                      undefined,
                      {
                        "color": "#0171CE",
                      },
                    ]
                  }
                  testID="avatar-text"
                >
                  J
                </Text>
              </View>
              <View
                style={
                  [
                    {
                      "backgroundColor": "#FFFFFF",
                    },
                    {
                      "flex": 1,
                    },
                  ]
                }
              >
                <Text
                  style={
                    [
                      {
                        "fontSize": 16,
                        "lineHeight": 24,
                      },
                      undefined,
                      undefined,
                      undefined,
                      undefined,
                      undefined,
                    ]
                  }
                >
                  John Doe
                </Text>
                <Text
                  style={
                    [
                      {
                        "fontSize": 16,
                        "lineHeight": 24,
                      },
                      undefined,
                      undefined,
                      undefined,
                      undefined,
                      {
                        "color": "#777777",
                      },
                    ]
                  }
                >
                  ADMIN
                </Text>
              </View>
            </View>
          </View>
        </View>
      </View>
    </RCTScrollView>
  </View>
</RNCSafeAreaView>
`;
